Archive member included to satisfy reference by file (symbol)

/opt/tools/cortex-m/gcc-arm-none-eabi-10-2020-q4-major/lib/gcc/arm-none-eabi/10.2.1/libgcc.a(_arm_muldf3.o)
                              lib/libc-minimal/stdout/printf.o (__aeabi_dmul)
/opt/tools/cortex-m/gcc-arm-none-eabi-10-2020-q4-major/lib/gcc/arm-none-eabi/10.2.1/libgcc.a(_udivsi3.o)
                              lib/libc-minimal/stdout/printf.o (__aeabi_uidiv)
/opt/tools/cortex-m/gcc-arm-none-eabi-10-2020-q4-major/lib/gcc/arm-none-eabi/10.2.1/libgcc.a(_dvmd_tls.o)
                              /opt/tools/cortex-m/gcc-arm-none-eabi-10-2020-q4-major/lib/gcc/arm-none-eabi/10.2.1/libgcc.a(_udivsi3.o) (__aeabi_idiv0)
/opt/tools/cortex-m/gcc-arm-none-eabi-10-2020-q4-major/lib/gcc/arm-none-eabi/10.2.1/libgcc.a(_arm_addsubdf3.o)
                              lib/libc-minimal/stdout/printf.o (__aeabi_dsub)
/opt/tools/cortex-m/gcc-arm-none-eabi-10-2020-q4-major/lib/gcc/arm-none-eabi/10.2.1/libgcc.a(_arm_muldivdf3.o)
                              lib/libc-minimal/stdout/printf.o (__aeabi_ddiv)
/opt/tools/cortex-m/gcc-arm-none-eabi-10-2020-q4-major/lib/gcc/arm-none-eabi/10.2.1/libgcc.a(_arm_cmpdf2.o)
                              lib/libc-minimal/stdout/printf.o (__aeabi_dcmpeq)
/opt/tools/cortex-m/gcc-arm-none-eabi-10-2020-q4-major/lib/gcc/arm-none-eabi/10.2.1/libgcc.a(_arm_fixdfsi.o)
                              lib/libc-minimal/stdout/printf.o (__aeabi_d2iz)
/opt/tools/cortex-m/gcc-arm-none-eabi-10-2020-q4-major/lib/gcc/arm-none-eabi/10.2.1/libgcc.a(_arm_fixunsdfsi.o)
                              lib/libc-minimal/stdout/printf.o (__aeabi_d2uiz)
/opt/tools/cortex-m/gcc-arm-none-eabi-10-2020-q4-major/lib/gcc/arm-none-eabi/10.2.1/libgcc.a(_aeabi_uldivmod.o)
                              /mnt/e/projects/oss/FreeOSEK/board/qemu-versatilepb/board.o (__aeabi_uldivmod)
/opt/tools/cortex-m/gcc-arm-none-eabi-10-2020-q4-major/lib/gcc/arm-none-eabi/10.2.1/libgcc.a(_udivmoddi4.o)
                              /opt/tools/cortex-m/gcc-arm-none-eabi-10-2020-q4-major/lib/gcc/arm-none-eabi/10.2.1/libgcc.a(_aeabi_uldivmod.o) (__udivmoddi4)
/opt/tools/cortex-m/gcc-arm-none-eabi-10-2020-q4-major/lib/gcc/arm-none-eabi/10.2.1/libgcc.a(_clzdi2.o)
                              /opt/tools/cortex-m/gcc-arm-none-eabi-10-2020-q4-major/lib/gcc/arm-none-eabi/10.2.1/libgcc.a(_udivmoddi4.o) (__clzdi2)
/opt/tools/cortex-m/gcc-arm-none-eabi-10-2020-q4-major/lib/gcc/arm-none-eabi/10.2.1/libgcc.a(_clzsi2.o)
                              /opt/tools/cortex-m/gcc-arm-none-eabi-10-2020-q4-major/lib/gcc/arm-none-eabi/10.2.1/libgcc.a(_clzdi2.o) (__clzsi2)

Allocating common symbols
Common symbol       size              file

ReadyTasks_1        0xc               /mnt/e/projects/oss/FreeOSEK/tools/src/sg_fifo.o
SuspendedTasks_1    0xc               /mnt/e/projects/oss/FreeOSEK/tools/src/sg_fifo.o
OsTaskCtrlBlk       0xc               /mnt/e/projects/oss/FreeOSEK/kernel/os_task.o
OsCurrentTask       0x38              /mnt/e/projects/oss/FreeOSEK/kernel/os_task.o
WaitingTasks_4      0x4               /mnt/e/projects/oss/FreeOSEK/tools/src/sg_fifo.o
ReadyTasks_4        0x4               /mnt/e/projects/oss/FreeOSEK/tools/src/sg_fifo.o
OsAppMode           0x4               /mnt/e/projects/oss/FreeOSEK/kernel/os_entry.o
WaitingTasks_1      0xc               /mnt/e/projects/oss/FreeOSEK/tools/src/sg_fifo.o
inter_task_message  0x8               /mnt/e/projects/oss/FreeOSEK/tools/src/sg_messages.o
AppAlarmStates      0x3               /mnt/e/projects/oss/FreeOSEK/tools/src/sg_alarms.o
SuspendedTasks_4    0x4               /mnt/e/projects/oss/FreeOSEK/tools/src/sg_fifo.o
AppAlarmCounters    0xc               /mnt/e/projects/oss/FreeOSEK/tools/src/sg_alarms.o
AppAlarmCycles      0xc               /mnt/e/projects/oss/FreeOSEK/tools/src/sg_alarms.o
RunningTasks        0x4               /mnt/e/projects/oss/FreeOSEK/tools/src/sg_fifo.o
mutex1              0x4               /mnt/e/projects/oss/FreeOSEK/tools/src/sg_resources.o

Memory Configuration

Name             Origin             Length             Attributes
*default*        0x0000000000000000 0xffffffffffffffff

Linker script and memory map

LOAD /mnt/e/projects/oss/FreeOSEK/kernel/os_entry.o
LOAD /mnt/e/projects/oss/FreeOSEK/kernel/os_log.o
LOAD /mnt/e/projects/oss/FreeOSEK/kernel/os_fifo.o
LOAD /mnt/e/projects/oss/FreeOSEK/kernel/os_task.o
LOAD /mnt/e/projects/oss/FreeOSEK/kernel/os_event.o
LOAD /mnt/e/projects/oss/FreeOSEK/kernel/os_alarm.o
LOAD /mnt/e/projects/oss/FreeOSEK/board/qemu-versatilepb/board.o
LOAD /mnt/e/projects/oss/FreeOSEK/board/qemu-versatilepb/vector_handlers.o
LOAD /mnt/e/projects/oss/FreeOSEK/board/qemu-versatilepb/vectors.o
LOAD /mnt/e/projects/oss/FreeOSEK/board/qemu-versatilepb/startup.o
LOAD lib/libc-minimal/string/string.o
LOAD lib/libc-minimal/stdout/printf.o
LOAD /mnt/e/projects/oss/FreeOSEK/tools/src/sg_counter.o
LOAD /mnt/e/projects/oss/FreeOSEK/tools/src/sg_appmodes.o
LOAD /mnt/e/projects/oss/FreeOSEK/tools/src/sg_events.o
LOAD /mnt/e/projects/oss/FreeOSEK/tools/src/sg_resources.o
LOAD /mnt/e/projects/oss/FreeOSEK/tools/src/sg_messages.o
LOAD /mnt/e/projects/oss/FreeOSEK/tools/src/sg_fifo.o
LOAD /mnt/e/projects/oss/FreeOSEK/tools/src/sg_alarms.o
LOAD /mnt/e/projects/oss/FreeOSEK/tools/src/sg_tasks.o
LOAD /mnt/e/projects/oss/FreeOSEK/test/test_app.o
LOAD /opt/tools/cortex-m/gcc-arm-none-eabi-10-2020-q4-major/lib/gcc/arm-none-eabi/10.2.1/libgcc.a
                0x0000000000001000                IRQ_STACK_SIZE = 0x1000
                0x0000000000000c00                TASK_STACK_SIZE = 0xc00
                0x0000000000010000                . = 0x10000

.text           0x0000000000010000     0x6ca4
                0x0000000000010000                vectors_start = .
 board/qemu-versatilepb/vectors.o()
 .text          0x0000000000010000       0x40 board/qemu-versatilepb/vectors.o
 .data          0x0000000000010040        0x0 board/qemu-versatilepb/vectors.o
 .bss           0x0000000000010040        0x0 board/qemu-versatilepb/vectors.o
 .debug_line    0x0000000000010040       0x77 board/qemu-versatilepb/vectors.o
 .debug_info    0x00000000000100b7       0x26 board/qemu-versatilepb/vectors.o
 .debug_abbrev  0x00000000000100dd       0x14 board/qemu-versatilepb/vectors.o
 *fill*         0x00000000000100f1        0x7 
 .debug_aranges
                0x00000000000100f8       0x20 board/qemu-versatilepb/vectors.o
 .debug_str     0x0000000000010118       0x67 board/qemu-versatilepb/vectors.o
 .ARM.attributes
                0x000000000001017f       0x22 board/qemu-versatilepb/vectors.o
                0x00000000000101a1                vectors_end = .
 *(.text .rodata)
 *fill*         0x00000000000101a1        0x3 
 .text          0x00000000000101a4      0x144 /mnt/e/projects/oss/FreeOSEK/kernel/os_entry.o
                0x00000000000101a4                SetActiveApplicationMode
                0x00000000000101fc                GetActiveApplicationMode
                0x0000000000010220                StartOS
                0x00000000000102bc                SystemTickISR
 .rodata        0x00000000000102e8       0xfc /mnt/e/projects/oss/FreeOSEK/kernel/os_entry.o
 .text          0x00000000000103e4      0x11c /mnt/e/projects/oss/FreeOSEK/kernel/os_log.o
                0x00000000000103e4                pr_log
                0x00000000000104b0                pr_log_init
 .rodata        0x0000000000010500       0x22 /mnt/e/projects/oss/FreeOSEK/kernel/os_log.o
 *fill*         0x0000000000010522        0x2 
 .text          0x0000000000010524      0x38c /mnt/e/projects/oss/FreeOSEK/kernel/os_fifo.o
                0x0000000000010524                OsFifoWrite
                0x0000000000010678                OsFifoRead
                0x000000000001074c                AddTaskToFifoQueue
                0x00000000000107f8                GetTaskFromFifoQueue
 .rodata        0x00000000000108b0      0x145 /mnt/e/projects/oss/FreeOSEK/kernel/os_fifo.o
 *fill*         0x00000000000109f5        0x3 
 .text          0x00000000000109f8      0x3d8 /mnt/e/projects/oss/FreeOSEK/kernel/os_task.o
                0x00000000000109f8                ActivateTask
                0x0000000000010aa8                TerminateTask
                0x0000000000010ac4                OsClearActivationsCounts
                0x0000000000010ae8                OsSetupScheduler
                0x0000000000010cfc                OsScheduleTasks
 .rodata        0x0000000000010dd0       0xc5 /mnt/e/projects/oss/FreeOSEK/kernel/os_task.o
 *fill*         0x0000000000010e95        0x3 
 .text          0x0000000000010e98      0x1e4 /mnt/e/projects/oss/FreeOSEK/kernel/os_event.o
                0x0000000000010e98                SetEvent
                0x0000000000010f28                ClearEvent
                0x0000000000010fc4                GetEvent
                0x0000000000011058                WaitEvent
 .rodata        0x000000000001107c       0x71 /mnt/e/projects/oss/FreeOSEK/kernel/os_event.o
 *fill*         0x00000000000110ed        0x3 
 .text          0x00000000000110f0      0xbdc /mnt/e/projects/oss/FreeOSEK/kernel/os_alarm.o
                0x00000000000110f0                GetAlarmBase
                0x00000000000111cc                GetAlarm
                0x0000000000011328                SetRelAlarm
                0x000000000001149c                SetAbsAlarm
                0x0000000000011600                CancelAlarm
                0x000000000001168c                GetOsTickCnt
                0x00000000000116b0                OsHandleTicks
                0x00000000000116e0                OsInitializeAlarms
                0x0000000000011898                OsTriggerAlarm
                0x000000000001197c                OsHandleAlarms
                0x0000000000011ab0                OsHandleCounters
 .rodata        0x0000000000011ccc      0x293 /mnt/e/projects/oss/FreeOSEK/kernel/os_alarm.o
 *fill*         0x0000000000011f5f        0x1 
 .text          0x0000000000011f60      0x230 /mnt/e/projects/oss/FreeOSEK/board/qemu-versatilepb/board.o
                0x0000000000011f60                console_fputs
                0x0000000000011fcc                console_fputc
                0x0000000000012000                brd_setup_sytimer
                0x0000000000012058                brd_get_usec_syscount
                0x0000000000012134                brd_sys_enable_interrupts
                0x0000000000012160                main
 .rodata        0x0000000000012190       0x2f /mnt/e/projects/oss/FreeOSEK/board/qemu-versatilepb/board.o
 *fill*         0x00000000000121bf        0x1 
 .text          0x00000000000121c0      0x184 /mnt/e/projects/oss/FreeOSEK/board/qemu-versatilepb/vector_handlers.o
                0x00000000000121c0                irq_handler
                0x0000000000012224                undef_handler
                0x0000000000012248                swi_handler
                0x000000000001226c                prefetch_abort_handler
                0x0000000000012290                data_abort_handler
                0x00000000000122b4                fiq_handler
                0x00000000000122d8                __copy_vectors
 .rodata        0x0000000000012344       0x74 /mnt/e/projects/oss/FreeOSEK/board/qemu-versatilepb/vector_handlers.o
 .text          0x00000000000123b8       0x40 /mnt/e/projects/oss/FreeOSEK/board/qemu-versatilepb/vectors.o
 .text          0x00000000000123f8       0x34 /mnt/e/projects/oss/FreeOSEK/board/qemu-versatilepb/startup.o
                0x00000000000123f8                reset_handler
 .text          0x000000000001242c      0xaa0 lib/libc-minimal/string/string.o
                0x000000000001242c                strcpy
                0x00000000000124a4                strncpy
                0x0000000000012560                strchr
                0x00000000000125e0                strrchr
                0x0000000000012648                strlen
                0x00000000000126a0                strnlen
                0x000000000001270c                strcmp
                0x000000000001278c                strncmp
                0x000000000001283c                strtok_r
                0x000000000001296c                strcat
                0x00000000000129b0                strncat
                0x0000000000012a50                memcmp
                0x0000000000012afc                memmove
                0x0000000000012bd4                memcpy
                0x0000000000012d24                memset
                0x0000000000012e48                memchr
 .text          0x0000000000012ecc     0x29d4 lib/libc-minimal/stdout/printf.o
                0x000000000001569c                printf
                0x00000000000156f0                sprintf_
                0x0000000000015748                snprintf_
                0x00000000000157a4                vprintf_
                0x00000000000157e8                vsnprintf_
                0x0000000000015834                fctprintf
 .rodata        0x00000000000158a0       0x68 lib/libc-minimal/stdout/printf.o
 .text          0x0000000000015908        0x0 /mnt/e/projects/oss/FreeOSEK/tools/src/sg_counter.o
 .rodata        0x0000000000015908       0x18 /mnt/e/projects/oss/FreeOSEK/tools/src/sg_counter.o
 .text          0x0000000000015920        0x0 /mnt/e/projects/oss/FreeOSEK/tools/src/sg_appmodes.o
 .rodata        0x0000000000015920       0x10 /mnt/e/projects/oss/FreeOSEK/tools/src/sg_appmodes.o
                0x0000000000015920                Task_A_AppModes
                0x000000000001592c                Task_C_AppModes
 .text          0x0000000000015930        0x0 /mnt/e/projects/oss/FreeOSEK/tools/src/sg_events.o
 .rodata        0x0000000000015930       0x18 /mnt/e/projects/oss/FreeOSEK/tools/src/sg_events.o
                0x0000000000015930                Task_B_EventMasks
                0x0000000000015938                Task_C_EventMasks
 .text          0x0000000000015948        0x0 /mnt/e/projects/oss/FreeOSEK/tools/src/sg_resources.o
 .text          0x0000000000015948        0x0 /mnt/e/projects/oss/FreeOSEK/tools/src/sg_messages.o
 .text          0x0000000000015948        0x0 /mnt/e/projects/oss/FreeOSEK/tools/src/sg_fifo.o
 .text          0x0000000000015948        0x0 /mnt/e/projects/oss/FreeOSEK/tools/src/sg_alarms.o
 .rodata        0x0000000000015948       0xe4 /mnt/e/projects/oss/FreeOSEK/tools/src/sg_alarms.o
                0x0000000000015948                Alarm_WakeTaskA_AppModes
                0x0000000000015968                AppAlarms_mSecCounter
                0x00000000000159dc                AppAlarms_uSecCounter
                0x0000000000015a10                AppAlarms
                0x0000000000015a20                AlarmID2CounterID_map
 .text          0x0000000000015a2c        0x0 /mnt/e/projects/oss/FreeOSEK/tools/src/sg_tasks.o
 .rodata        0x0000000000015a2c       0xa8 /mnt/e/projects/oss/FreeOSEK/tools/src/sg_tasks.o
                0x0000000000015a2c                OsTaskList
 .text          0x0000000000015ad4      0x134 /mnt/e/projects/oss/FreeOSEK/test/test_app.o
                0x0000000000015ad4                OSEK_Task_Task_A
                0x0000000000015b64                OSEK_Task_Task_B
                0x0000000000015bc0                OSEK_Task_Task_C
                0x0000000000015be4                Alarm_uSecAlarm_callback
 .rodata        0x0000000000015c08       0x69 /mnt/e/projects/oss/FreeOSEK/test/test_app.o
 *fill*         0x0000000000015c71        0x3 
 .text          0x0000000000015c74      0x290 /opt/tools/cortex-m/gcc-arm-none-eabi-10-2020-q4-major/lib/gcc/arm-none-eabi/10.2.1/libgcc.a(_arm_muldf3.o)
 .text          0x0000000000015f04      0x114 /opt/tools/cortex-m/gcc-arm-none-eabi-10-2020-q4-major/lib/gcc/arm-none-eabi/10.2.1/libgcc.a(_udivsi3.o)
                0x0000000000015f04                __udivsi3
                0x0000000000015f04                __aeabi_uidiv
                0x0000000000015ff8                __aeabi_uidivmod
 .text          0x0000000000016018        0x4 /opt/tools/cortex-m/gcc-arm-none-eabi-10-2020-q4-major/lib/gcc/arm-none-eabi/10.2.1/libgcc.a(_dvmd_tls.o)
                0x0000000000016018                __aeabi_ldiv0
                0x0000000000016018                __aeabi_idiv0
 .text          0x000000000001601c      0x424 /opt/tools/cortex-m/gcc-arm-none-eabi-10-2020-q4-major/lib/gcc/arm-none-eabi/10.2.1/libgcc.a(_arm_addsubdf3.o)
                0x000000000001601c                __aeabi_drsub
                0x0000000000016024                __aeabi_dsub
                0x0000000000016024                __subdf3
                0x0000000000016028                __adddf3
                0x0000000000016028                __aeabi_dadd
                0x0000000000016338                __aeabi_ui2d
                0x0000000000016338                __floatunsidf
                0x000000000001635c                __floatsidf
                0x000000000001635c                __aeabi_i2d
                0x0000000000016384                __extendsfdf2
                0x0000000000016384                __aeabi_f2d
                0x00000000000163cc                __aeabi_ul2d
                0x00000000000163cc                __floatundidf
                0x00000000000163e0                __floatdidf
                0x00000000000163e0                __aeabi_l2d
 .text          0x0000000000016440      0x49c /opt/tools/cortex-m/gcc-arm-none-eabi-10-2020-q4-major/lib/gcc/arm-none-eabi/10.2.1/libgcc.a(_arm_muldivdf3.o)
                0x0000000000016440                __aeabi_dmul
                0x0000000000016440                __muldf3
                0x00000000000166d0                __aeabi_ddiv
                0x00000000000166d0                __divdf3
 .text          0x00000000000168dc      0x144 /opt/tools/cortex-m/gcc-arm-none-eabi-10-2020-q4-major/lib/gcc/arm-none-eabi/10.2.1/libgcc.a(_arm_cmpdf2.o)
                0x00000000000168dc                __gtdf2
                0x00000000000168dc                __gedf2
                0x00000000000168e4                __ltdf2
                0x00000000000168e4                __ledf2
                0x00000000000168ec                __cmpdf2
                0x00000000000168ec                __eqdf2
                0x00000000000168ec                __nedf2
                0x0000000000016974                __aeabi_cdrcmple
                0x0000000000016990                __aeabi_cdcmple
                0x0000000000016990                __aeabi_cdcmpeq
                0x00000000000169a8                __aeabi_dcmpeq
                0x00000000000169c0                __aeabi_dcmplt
                0x00000000000169d8                __aeabi_dcmple
                0x00000000000169f0                __aeabi_dcmpge
                0x0000000000016a08                __aeabi_dcmpgt
 .text          0x0000000000016a20       0x5c /opt/tools/cortex-m/gcc-arm-none-eabi-10-2020-q4-major/lib/gcc/arm-none-eabi/10.2.1/libgcc.a(_arm_fixdfsi.o)
                0x0000000000016a20                __fixdfsi
                0x0000000000016a20                __aeabi_d2iz
 .text          0x0000000000016a7c       0x54 /opt/tools/cortex-m/gcc-arm-none-eabi-10-2020-q4-major/lib/gcc/arm-none-eabi/10.2.1/libgcc.a(_arm_fixunsdfsi.o)
                0x0000000000016a7c                __fixunsdfsi
                0x0000000000016a7c                __aeabi_d2uiz
 .text          0x0000000000016ad0       0x3c /opt/tools/cortex-m/gcc-arm-none-eabi-10-2020-q4-major/lib/gcc/arm-none-eabi/10.2.1/libgcc.a(_aeabi_uldivmod.o)
                0x0000000000016ad0                __aeabi_uldivmod
 .text          0x0000000000016b0c      0x128 /opt/tools/cortex-m/gcc-arm-none-eabi-10-2020-q4-major/lib/gcc/arm-none-eabi/10.2.1/libgcc.a(_udivmoddi4.o)
                0x0000000000016b0c                __udivmoddi4
 .text          0x0000000000016c34       0x28 /opt/tools/cortex-m/gcc-arm-none-eabi-10-2020-q4-major/lib/gcc/arm-none-eabi/10.2.1/libgcc.a(_clzdi2.o)
                0x0000000000016c34                __clzdi2
 .text          0x0000000000016c5c       0x48 /opt/tools/cortex-m/gcc-arm-none-eabi-10-2020-q4-major/lib/gcc/arm-none-eabi/10.2.1/libgcc.a(_clzsi2.o)
                0x0000000000016c5c                __clzsi2

.glue_7         0x0000000000016ca4        0x0
 .glue_7        0x0000000000016ca4        0x0 linker stubs

.glue_7t        0x0000000000016ca4        0x0
 .glue_7t       0x0000000000016ca4        0x0 linker stubs

.vfp11_veneer   0x0000000000016ca4        0x0
 .vfp11_veneer  0x0000000000016ca4        0x0 linker stubs

.v4_bx          0x0000000000016ca4        0x0
 .v4_bx         0x0000000000016ca4        0x0 linker stubs

.iplt           0x0000000000016ca4        0x0
 .iplt          0x0000000000016ca4        0x0 /mnt/e/projects/oss/FreeOSEK/kernel/os_entry.o

.rel.dyn        0x0000000000016ca4        0x0
 .rel.iplt      0x0000000000016ca4        0x0 /mnt/e/projects/oss/FreeOSEK/kernel/os_entry.o

.ARM.extab      0x0000000000016ca4        0x0
 .ARM.extab     0x0000000000016ca4        0x0 /opt/tools/cortex-m/gcc-arm-none-eabi-10-2020-q4-major/lib/gcc/arm-none-eabi/10.2.1/libgcc.a(_udivmoddi4.o)

.ARM.exidx      0x0000000000016ca4        0x8
 .ARM.exidx     0x0000000000016ca4        0x8 /opt/tools/cortex-m/gcc-arm-none-eabi-10-2020-q4-major/lib/gcc/arm-none-eabi/10.2.1/libgcc.a(_udivmoddi4.o)

.data           0x0000000000016cac       0xf0
 *(.data)
 .data          0x0000000000016cac        0x0 /mnt/e/projects/oss/FreeOSEK/kernel/os_entry.o
 .data          0x0000000000016cac        0x0 /mnt/e/projects/oss/FreeOSEK/kernel/os_log.o
 .data          0x0000000000016cac        0x0 /mnt/e/projects/oss/FreeOSEK/kernel/os_fifo.o
 .data          0x0000000000016cac        0x0 /mnt/e/projects/oss/FreeOSEK/kernel/os_task.o
 .data          0x0000000000016cac        0x0 /mnt/e/projects/oss/FreeOSEK/kernel/os_event.o
 .data          0x0000000000016cac        0x0 /mnt/e/projects/oss/FreeOSEK/kernel/os_alarm.o
 .data          0x0000000000016cac        0x0 /mnt/e/projects/oss/FreeOSEK/board/qemu-versatilepb/board.o
 .data          0x0000000000016cac        0x0 /mnt/e/projects/oss/FreeOSEK/board/qemu-versatilepb/vector_handlers.o
 .data          0x0000000000016cac        0x0 /mnt/e/projects/oss/FreeOSEK/board/qemu-versatilepb/vectors.o
 .data          0x0000000000016cac        0x0 /mnt/e/projects/oss/FreeOSEK/board/qemu-versatilepb/startup.o
 .data          0x0000000000016cac        0x0 lib/libc-minimal/string/string.o
 .data          0x0000000000016cac        0x0 lib/libc-minimal/stdout/printf.o
 .data          0x0000000000016cac       0x30 /mnt/e/projects/oss/FreeOSEK/tools/src/sg_counter.o
                0x0000000000016cac                OsCounters
 .data          0x0000000000016cdc        0x0 /mnt/e/projects/oss/FreeOSEK/tools/src/sg_appmodes.o
 .data          0x0000000000016cdc        0x0 /mnt/e/projects/oss/FreeOSEK/tools/src/sg_events.o
 .data          0x0000000000016cdc        0x4 /mnt/e/projects/oss/FreeOSEK/tools/src/sg_resources.o
                0x0000000000016cdc                Task_B_Resources
 .data          0x0000000000016ce0        0x8 /mnt/e/projects/oss/FreeOSEK/tools/src/sg_messages.o
                0x0000000000016ce0                Task_A_Messages
                0x0000000000016ce4                Task_B_Messages
 .data          0x0000000000016ce8       0xb4 /mnt/e/projects/oss/FreeOSEK/tools/src/sg_fifo.o
                0x0000000000016ce8                WaitingFifo_1
                0x0000000000016cfc                SuspendedFifo_1
                0x0000000000016d10                ReadyFifo_1
                0x0000000000016d24                WaitingFifo_4
                0x0000000000016d38                SuspendedFifo_4
                0x0000000000016d4c                ReadyFifo_4
                0x0000000000016d60                WaitingQueue
                0x0000000000016d74                SuspendedQueue
                0x0000000000016d88                ReadyQueue
 .data          0x0000000000016d9c        0x0 /mnt/e/projects/oss/FreeOSEK/tools/src/sg_alarms.o
 .data          0x0000000000016d9c        0x0 /mnt/e/projects/oss/FreeOSEK/tools/src/sg_tasks.o
 .data          0x0000000000016d9c        0x0 /mnt/e/projects/oss/FreeOSEK/test/test_app.o
 .data          0x0000000000016d9c        0x0 /opt/tools/cortex-m/gcc-arm-none-eabi-10-2020-q4-major/lib/gcc/arm-none-eabi/10.2.1/libgcc.a(_arm_muldf3.o)
 .data          0x0000000000016d9c        0x0 /opt/tools/cortex-m/gcc-arm-none-eabi-10-2020-q4-major/lib/gcc/arm-none-eabi/10.2.1/libgcc.a(_udivsi3.o)
 .data          0x0000000000016d9c        0x0 /opt/tools/cortex-m/gcc-arm-none-eabi-10-2020-q4-major/lib/gcc/arm-none-eabi/10.2.1/libgcc.a(_dvmd_tls.o)
 .data          0x0000000000016d9c        0x0 /opt/tools/cortex-m/gcc-arm-none-eabi-10-2020-q4-major/lib/gcc/arm-none-eabi/10.2.1/libgcc.a(_arm_addsubdf3.o)
 .data          0x0000000000016d9c        0x0 /opt/tools/cortex-m/gcc-arm-none-eabi-10-2020-q4-major/lib/gcc/arm-none-eabi/10.2.1/libgcc.a(_arm_muldivdf3.o)
 .data          0x0000000000016d9c        0x0 /opt/tools/cortex-m/gcc-arm-none-eabi-10-2020-q4-major/lib/gcc/arm-none-eabi/10.2.1/libgcc.a(_arm_cmpdf2.o)
 .data          0x0000000000016d9c        0x0 /opt/tools/cortex-m/gcc-arm-none-eabi-10-2020-q4-major/lib/gcc/arm-none-eabi/10.2.1/libgcc.a(_arm_fixdfsi.o)
 .data          0x0000000000016d9c        0x0 /opt/tools/cortex-m/gcc-arm-none-eabi-10-2020-q4-major/lib/gcc/arm-none-eabi/10.2.1/libgcc.a(_arm_fixunsdfsi.o)
 .data          0x0000000000016d9c        0x0 /opt/tools/cortex-m/gcc-arm-none-eabi-10-2020-q4-major/lib/gcc/arm-none-eabi/10.2.1/libgcc.a(_aeabi_uldivmod.o)
 .data          0x0000000000016d9c        0x0 /opt/tools/cortex-m/gcc-arm-none-eabi-10-2020-q4-major/lib/gcc/arm-none-eabi/10.2.1/libgcc.a(_udivmoddi4.o)
 .data          0x0000000000016d9c        0x0 /opt/tools/cortex-m/gcc-arm-none-eabi-10-2020-q4-major/lib/gcc/arm-none-eabi/10.2.1/libgcc.a(_clzdi2.o)
 .data          0x0000000000016d9c        0x0 /opt/tools/cortex-m/gcc-arm-none-eabi-10-2020-q4-major/lib/gcc/arm-none-eabi/10.2.1/libgcc.a(_clzsi2.o)

.igot.plt       0x0000000000016d9c        0x0
 .igot.plt      0x0000000000016d9c        0x0 /mnt/e/projects/oss/FreeOSEK/kernel/os_entry.o

.bss            0x0000000000016da0       0xd6
 *(.bss COMMON)
 .bss           0x0000000000016da0        0x0 /mnt/e/projects/oss/FreeOSEK/kernel/os_entry.o
 COMMON         0x0000000000016da0        0x4 /mnt/e/projects/oss/FreeOSEK/kernel/os_entry.o
                0x0000000000016da0                OsAppMode
 .bss           0x0000000000016da4        0x4 /mnt/e/projects/oss/FreeOSEK/kernel/os_log.o
 .bss           0x0000000000016da8        0x0 /mnt/e/projects/oss/FreeOSEK/kernel/os_fifo.o
 .bss           0x0000000000016da8        0x4 /mnt/e/projects/oss/FreeOSEK/kernel/os_task.o
 COMMON         0x0000000000016dac       0x44 /mnt/e/projects/oss/FreeOSEK/kernel/os_task.o
                0x0000000000016dac                OsTaskCtrlBlk
                0x0000000000016db8                OsCurrentTask
 .bss           0x0000000000016df0       0x18 /mnt/e/projects/oss/FreeOSEK/kernel/os_event.o
 .bss           0x0000000000016e08       0x10 /mnt/e/projects/oss/FreeOSEK/kernel/os_alarm.o
 .bss           0x0000000000016e18        0x0 /mnt/e/projects/oss/FreeOSEK/board/qemu-versatilepb/board.o
 .bss           0x0000000000016e18        0x0 /mnt/e/projects/oss/FreeOSEK/board/qemu-versatilepb/vector_handlers.o
 .bss           0x0000000000016e18        0x0 /mnt/e/projects/oss/FreeOSEK/board/qemu-versatilepb/vectors.o
 .bss           0x0000000000016e18        0x0 /mnt/e/projects/oss/FreeOSEK/board/qemu-versatilepb/startup.o
 .bss           0x0000000000016e18        0x0 lib/libc-minimal/string/string.o
 .bss           0x0000000000016e18        0x0 lib/libc-minimal/stdout/printf.o
 .bss           0x0000000000016e18        0x0 /mnt/e/projects/oss/FreeOSEK/tools/src/sg_counter.o
 .bss           0x0000000000016e18        0x0 /mnt/e/projects/oss/FreeOSEK/tools/src/sg_appmodes.o
 .bss           0x0000000000016e18        0x0 /mnt/e/projects/oss/FreeOSEK/tools/src/sg_events.o
 .bss           0x0000000000016e18        0x0 /mnt/e/projects/oss/FreeOSEK/tools/src/sg_resources.o
 COMMON         0x0000000000016e18        0x4 /mnt/e/projects/oss/FreeOSEK/tools/src/sg_resources.o
                0x0000000000016e18                mutex1
 .bss           0x0000000000016e1c        0x0 /mnt/e/projects/oss/FreeOSEK/tools/src/sg_messages.o
 COMMON         0x0000000000016e1c        0x8 /mnt/e/projects/oss/FreeOSEK/tools/src/sg_messages.o
                0x0000000000016e1c                inter_task_message
 .bss           0x0000000000016e24        0x0 /mnt/e/projects/oss/FreeOSEK/tools/src/sg_fifo.o
 COMMON         0x0000000000016e24       0x34 /mnt/e/projects/oss/FreeOSEK/tools/src/sg_fifo.o
                0x0000000000016e24                ReadyTasks_1
                0x0000000000016e30                SuspendedTasks_1
                0x0000000000016e3c                WaitingTasks_4
                0x0000000000016e40                ReadyTasks_4
                0x0000000000016e44                WaitingTasks_1
                0x0000000000016e50                SuspendedTasks_4
                0x0000000000016e54                RunningTasks
 .bss           0x0000000000016e58        0x0 /mnt/e/projects/oss/FreeOSEK/tools/src/sg_alarms.o
 COMMON         0x0000000000016e58       0x1c /mnt/e/projects/oss/FreeOSEK/tools/src/sg_alarms.o
                0x0000000000016e58                AppAlarmStates
                0x0000000000016e5c                AppAlarmCounters
                0x0000000000016e68                AppAlarmCycles
 .bss           0x0000000000016e74        0x0 /mnt/e/projects/oss/FreeOSEK/tools/src/sg_tasks.o
 .bss           0x0000000000016e74        0x2 /mnt/e/projects/oss/FreeOSEK/test/test_app.o
 .bss           0x0000000000016e76        0x0 /opt/tools/cortex-m/gcc-arm-none-eabi-10-2020-q4-major/lib/gcc/arm-none-eabi/10.2.1/libgcc.a(_arm_muldf3.o)
 .bss           0x0000000000016e76        0x0 /opt/tools/cortex-m/gcc-arm-none-eabi-10-2020-q4-major/lib/gcc/arm-none-eabi/10.2.1/libgcc.a(_udivsi3.o)
 .bss           0x0000000000016e76        0x0 /opt/tools/cortex-m/gcc-arm-none-eabi-10-2020-q4-major/lib/gcc/arm-none-eabi/10.2.1/libgcc.a(_dvmd_tls.o)
 .bss           0x0000000000016e76        0x0 /opt/tools/cortex-m/gcc-arm-none-eabi-10-2020-q4-major/lib/gcc/arm-none-eabi/10.2.1/libgcc.a(_arm_addsubdf3.o)
 .bss           0x0000000000016e76        0x0 /opt/tools/cortex-m/gcc-arm-none-eabi-10-2020-q4-major/lib/gcc/arm-none-eabi/10.2.1/libgcc.a(_arm_muldivdf3.o)
 .bss           0x0000000000016e76        0x0 /opt/tools/cortex-m/gcc-arm-none-eabi-10-2020-q4-major/lib/gcc/arm-none-eabi/10.2.1/libgcc.a(_arm_cmpdf2.o)
 .bss           0x0000000000016e76        0x0 /opt/tools/cortex-m/gcc-arm-none-eabi-10-2020-q4-major/lib/gcc/arm-none-eabi/10.2.1/libgcc.a(_arm_fixdfsi.o)
 .bss           0x0000000000016e76        0x0 /opt/tools/cortex-m/gcc-arm-none-eabi-10-2020-q4-major/lib/gcc/arm-none-eabi/10.2.1/libgcc.a(_arm_fixunsdfsi.o)
 .bss           0x0000000000016e76        0x0 /opt/tools/cortex-m/gcc-arm-none-eabi-10-2020-q4-major/lib/gcc/arm-none-eabi/10.2.1/libgcc.a(_aeabi_uldivmod.o)
 .bss           0x0000000000016e76        0x0 /opt/tools/cortex-m/gcc-arm-none-eabi-10-2020-q4-major/lib/gcc/arm-none-eabi/10.2.1/libgcc.a(_udivmoddi4.o)
 .bss           0x0000000000016e76        0x0 /opt/tools/cortex-m/gcc-arm-none-eabi-10-2020-q4-major/lib/gcc/arm-none-eabi/10.2.1/libgcc.a(_clzdi2.o)
 .bss           0x0000000000016e76        0x0 /opt/tools/cortex-m/gcc-arm-none-eabi-10-2020-q4-major/lib/gcc/arm-none-eabi/10.2.1/libgcc.a(_clzsi2.o)
                0x0000000000016e78                . = ALIGN (0x8)
                0x0000000000017a78                . = (. + TASK_STACK_SIZE)
                0x0000000000017a78                stack_top = .
                0x0000000000018a78                . = (. + IRQ_STACK_SIZE)
                0x0000000000018a78                irq_stack_top = .
OUTPUT(osek-os.elf elf32-littlearm)
LOAD linker stubs
LOAD board/qemu-versatilepb/vectors.o

.debug_info     0x0000000000000000     0x4e93
 .debug_info    0x0000000000000000      0x459 /mnt/e/projects/oss/FreeOSEK/kernel/os_entry.o
 .debug_info    0x0000000000000459      0x171 /mnt/e/projects/oss/FreeOSEK/kernel/os_log.o
 .debug_info    0x00000000000005ca      0x541 /mnt/e/projects/oss/FreeOSEK/kernel/os_fifo.o
 .debug_info    0x0000000000000b0b      0x5d5 /mnt/e/projects/oss/FreeOSEK/kernel/os_task.o
 .debug_info    0x00000000000010e0      0x56c /mnt/e/projects/oss/FreeOSEK/kernel/os_event.o
 .debug_info    0x000000000000164c      0xa59 /mnt/e/projects/oss/FreeOSEK/kernel/os_alarm.o
 .debug_info    0x00000000000020a5      0x2c8 /mnt/e/projects/oss/FreeOSEK/board/qemu-versatilepb/board.o
 .debug_info    0x000000000000236d      0x235 /mnt/e/projects/oss/FreeOSEK/board/qemu-versatilepb/vector_handlers.o
 .debug_info    0x00000000000025a2       0x26 /mnt/e/projects/oss/FreeOSEK/board/qemu-versatilepb/vectors.o
 .debug_info    0x00000000000025c8       0x26 /mnt/e/projects/oss/FreeOSEK/board/qemu-versatilepb/startup.o
 .debug_info    0x00000000000025ee      0x655 lib/libc-minimal/string/string.o
 .debug_info    0x0000000000002c43      0xddb lib/libc-minimal/stdout/printf.o
 .debug_info    0x0000000000003a1e      0x14c /mnt/e/projects/oss/FreeOSEK/tools/src/sg_counter.o
 .debug_info    0x0000000000003b6a      0x10a /mnt/e/projects/oss/FreeOSEK/tools/src/sg_appmodes.o
 .debug_info    0x0000000000003c74       0xd8 /mnt/e/projects/oss/FreeOSEK/tools/src/sg_events.o
 .debug_info    0x0000000000003d4c       0xdb /mnt/e/projects/oss/FreeOSEK/tools/src/sg_resources.o
 .debug_info    0x0000000000003e27      0x11a /mnt/e/projects/oss/FreeOSEK/tools/src/sg_messages.o
 .debug_info    0x0000000000003f41      0x461 /mnt/e/projects/oss/FreeOSEK/tools/src/sg_fifo.o
 .debug_info    0x00000000000043a2      0x59d /mnt/e/projects/oss/FreeOSEK/tools/src/sg_alarms.o
 .debug_info    0x000000000000493f      0x32f /mnt/e/projects/oss/FreeOSEK/tools/src/sg_tasks.o
 .debug_info    0x0000000000004c6e      0x225 /mnt/e/projects/oss/FreeOSEK/test/test_app.o

.debug_abbrev   0x0000000000000000     0x1584
 .debug_abbrev  0x0000000000000000      0x17e /mnt/e/projects/oss/FreeOSEK/kernel/os_entry.o
 .debug_abbrev  0x000000000000017e       0xd1 /mnt/e/projects/oss/FreeOSEK/kernel/os_log.o
 .debug_abbrev  0x000000000000024f      0x13d /mnt/e/projects/oss/FreeOSEK/kernel/os_fifo.o
 .debug_abbrev  0x000000000000038c      0x1ad /mnt/e/projects/oss/FreeOSEK/kernel/os_task.o
 .debug_abbrev  0x0000000000000539      0x166 /mnt/e/projects/oss/FreeOSEK/kernel/os_event.o
 .debug_abbrev  0x000000000000069f      0x222 /mnt/e/projects/oss/FreeOSEK/kernel/os_alarm.o
 .debug_abbrev  0x00000000000008c1      0x16b /mnt/e/projects/oss/FreeOSEK/board/qemu-versatilepb/board.o
 .debug_abbrev  0x0000000000000a2c       0xeb /mnt/e/projects/oss/FreeOSEK/board/qemu-versatilepb/vector_handlers.o
 .debug_abbrev  0x0000000000000b17       0x14 /mnt/e/projects/oss/FreeOSEK/board/qemu-versatilepb/vectors.o
 .debug_abbrev  0x0000000000000b2b       0x14 /mnt/e/projects/oss/FreeOSEK/board/qemu-versatilepb/startup.o
 .debug_abbrev  0x0000000000000b3f      0x152 lib/libc-minimal/string/string.o
 .debug_abbrev  0x0000000000000c91      0x22b lib/libc-minimal/stdout/printf.o
 .debug_abbrev  0x0000000000000ebc       0xae /mnt/e/projects/oss/FreeOSEK/tools/src/sg_counter.o
 .debug_abbrev  0x0000000000000f6a       0x99 /mnt/e/projects/oss/FreeOSEK/tools/src/sg_appmodes.o
 .debug_abbrev  0x0000000000001003       0x7b /mnt/e/projects/oss/FreeOSEK/tools/src/sg_events.o
 .debug_abbrev  0x000000000000107e       0x7d /mnt/e/projects/oss/FreeOSEK/tools/src/sg_resources.o
 .debug_abbrev  0x00000000000010fb       0xa4 /mnt/e/projects/oss/FreeOSEK/tools/src/sg_messages.o
 .debug_abbrev  0x000000000000119f       0xfd /mnt/e/projects/oss/FreeOSEK/tools/src/sg_fifo.o
 .debug_abbrev  0x000000000000129c      0x110 /mnt/e/projects/oss/FreeOSEK/tools/src/sg_alarms.o
 .debug_abbrev  0x00000000000013ac       0xe1 /mnt/e/projects/oss/FreeOSEK/tools/src/sg_tasks.o
 .debug_abbrev  0x000000000000148d       0xf7 /mnt/e/projects/oss/FreeOSEK/test/test_app.o

.debug_aranges  0x0000000000000000      0x260
 .debug_aranges
                0x0000000000000000       0x20 /mnt/e/projects/oss/FreeOSEK/kernel/os_entry.o
 .debug_aranges
                0x0000000000000020       0x20 /mnt/e/projects/oss/FreeOSEK/kernel/os_log.o
 .debug_aranges
                0x0000000000000040       0x20 /mnt/e/projects/oss/FreeOSEK/kernel/os_fifo.o
 .debug_aranges
                0x0000000000000060       0x20 /mnt/e/projects/oss/FreeOSEK/kernel/os_task.o
 .debug_aranges
                0x0000000000000080       0x20 /mnt/e/projects/oss/FreeOSEK/kernel/os_event.o
 .debug_aranges
                0x00000000000000a0       0x20 /mnt/e/projects/oss/FreeOSEK/kernel/os_alarm.o
 .debug_aranges
                0x00000000000000c0       0x20 /mnt/e/projects/oss/FreeOSEK/board/qemu-versatilepb/board.o
 .debug_aranges
                0x00000000000000e0       0x20 /mnt/e/projects/oss/FreeOSEK/board/qemu-versatilepb/vector_handlers.o
 .debug_aranges
                0x0000000000000100       0x20 /mnt/e/projects/oss/FreeOSEK/board/qemu-versatilepb/vectors.o
 .debug_aranges
                0x0000000000000120       0x20 /mnt/e/projects/oss/FreeOSEK/board/qemu-versatilepb/startup.o
 .debug_aranges
                0x0000000000000140       0x20 lib/libc-minimal/string/string.o
 .debug_aranges
                0x0000000000000160       0x20 lib/libc-minimal/stdout/printf.o
 .debug_aranges
                0x0000000000000180       0x18 /mnt/e/projects/oss/FreeOSEK/tools/src/sg_counter.o
 .debug_aranges
                0x0000000000000198       0x18 /mnt/e/projects/oss/FreeOSEK/tools/src/sg_appmodes.o
 .debug_aranges
                0x00000000000001b0       0x18 /mnt/e/projects/oss/FreeOSEK/tools/src/sg_events.o
 .debug_aranges
                0x00000000000001c8       0x18 /mnt/e/projects/oss/FreeOSEK/tools/src/sg_resources.o
 .debug_aranges
                0x00000000000001e0       0x18 /mnt/e/projects/oss/FreeOSEK/tools/src/sg_messages.o
 .debug_aranges
                0x00000000000001f8       0x18 /mnt/e/projects/oss/FreeOSEK/tools/src/sg_fifo.o
 .debug_aranges
                0x0000000000000210       0x18 /mnt/e/projects/oss/FreeOSEK/tools/src/sg_alarms.o
 .debug_aranges
                0x0000000000000228       0x18 /mnt/e/projects/oss/FreeOSEK/tools/src/sg_tasks.o
 .debug_aranges
                0x0000000000000240       0x20 /mnt/e/projects/oss/FreeOSEK/test/test_app.o

.debug_line     0x0000000000000000     0x2953
 .debug_line    0x0000000000000000      0x198 /mnt/e/projects/oss/FreeOSEK/kernel/os_entry.o
 .debug_line    0x0000000000000198      0x13b /mnt/e/projects/oss/FreeOSEK/kernel/os_log.o
 .debug_line    0x00000000000002d3      0x22a /mnt/e/projects/oss/FreeOSEK/kernel/os_fifo.o
 .debug_line    0x00000000000004fd      0x232 /mnt/e/projects/oss/FreeOSEK/kernel/os_task.o
 .debug_line    0x000000000000072f      0x1ac /mnt/e/projects/oss/FreeOSEK/kernel/os_event.o
 .debug_line    0x00000000000008db      0x475 /mnt/e/projects/oss/FreeOSEK/kernel/os_alarm.o
 .debug_line    0x0000000000000d50      0x1ad /mnt/e/projects/oss/FreeOSEK/board/qemu-versatilepb/board.o
 .debug_line    0x0000000000000efd      0x14f /mnt/e/projects/oss/FreeOSEK/board/qemu-versatilepb/vector_handlers.o
 .debug_line    0x000000000000104c       0x77 /mnt/e/projects/oss/FreeOSEK/board/qemu-versatilepb/vectors.o
 .debug_line    0x00000000000010c3       0x7b /mnt/e/projects/oss/FreeOSEK/board/qemu-versatilepb/startup.o
 .debug_line    0x000000000000113e      0x483 lib/libc-minimal/string/string.o
 .debug_line    0x00000000000015c1      0xb2d lib/libc-minimal/stdout/printf.o
 .debug_line    0x00000000000020ee       0xd5 /mnt/e/projects/oss/FreeOSEK/tools/src/sg_counter.o
 .debug_line    0x00000000000021c3       0xd7 /mnt/e/projects/oss/FreeOSEK/tools/src/sg_appmodes.o
 .debug_line    0x000000000000229a       0xd3 /mnt/e/projects/oss/FreeOSEK/tools/src/sg_events.o
 .debug_line    0x000000000000236d       0xd9 /mnt/e/projects/oss/FreeOSEK/tools/src/sg_resources.o
 .debug_line    0x0000000000002446       0xdb /mnt/e/projects/oss/FreeOSEK/tools/src/sg_messages.o
 .debug_line    0x0000000000002521       0xf8 /mnt/e/projects/oss/FreeOSEK/tools/src/sg_fifo.o
 .debug_line    0x0000000000002619      0x10f /mnt/e/projects/oss/FreeOSEK/tools/src/sg_alarms.o
 .debug_line    0x0000000000002728      0x122 /mnt/e/projects/oss/FreeOSEK/tools/src/sg_tasks.o
 .debug_line    0x000000000000284a      0x109 /mnt/e/projects/oss/FreeOSEK/test/test_app.o

.debug_str      0x0000000000000000     0x118a
 .debug_str     0x0000000000000000      0x331 /mnt/e/projects/oss/FreeOSEK/kernel/os_entry.o
                                        0x3b7 (size before relaxing)
 .debug_str     0x0000000000000331       0x6f /mnt/e/projects/oss/FreeOSEK/kernel/os_log.o
                                        0x1c3 (size before relaxing)
 .debug_str     0x00000000000003a0      0x15a /mnt/e/projects/oss/FreeOSEK/kernel/os_fifo.o
                                        0x3fa (size before relaxing)
 .debug_str     0x00000000000004fa       0xcf /mnt/e/projects/oss/FreeOSEK/kernel/os_task.o
                                        0x4f1 (size before relaxing)
 .debug_str     0x00000000000005c9       0x98 /mnt/e/projects/oss/FreeOSEK/kernel/os_event.o
                                        0x45a (size before relaxing)
 .debug_str     0x0000000000000661      0x324 /mnt/e/projects/oss/FreeOSEK/kernel/os_alarm.o
                                        0x6cb (size before relaxing)
 .debug_str     0x0000000000000985       0xb1 /mnt/e/projects/oss/FreeOSEK/board/qemu-versatilepb/board.o
                                        0x2fd (size before relaxing)
 .debug_str     0x0000000000000a36       0xea /mnt/e/projects/oss/FreeOSEK/board/qemu-versatilepb/vector_handlers.o
                                        0x23b (size before relaxing)
 .debug_str     0x0000000000000b20       0x4a /mnt/e/projects/oss/FreeOSEK/board/qemu-versatilepb/vectors.o
                                         0x67 (size before relaxing)
 .debug_str     0x0000000000000b6a       0x3e /mnt/e/projects/oss/FreeOSEK/board/qemu-versatilepb/startup.o
                                         0x67 (size before relaxing)
 .debug_str     0x0000000000000ba8       0xfb lib/libc-minimal/string/string.o
                                        0x243 (size before relaxing)
 .debug_str     0x0000000000000ca3      0x177 lib/libc-minimal/stdout/printf.o
                                        0x33e (size before relaxing)
 .debug_str     0x0000000000000e1a       0x34 /mnt/e/projects/oss/FreeOSEK/tools/src/sg_counter.o
                                        0x1f4 (size before relaxing)
 .debug_str     0x0000000000000e4e       0x35 /mnt/e/projects/oss/FreeOSEK/tools/src/sg_appmodes.o
                                        0x1e8 (size before relaxing)
 .debug_str     0x0000000000000e83       0x33 /mnt/e/projects/oss/FreeOSEK/tools/src/sg_events.o
                                        0x19a (size before relaxing)
 .debug_str     0x0000000000000eb6       0x4e /mnt/e/projects/oss/FreeOSEK/tools/src/sg_resources.o
                                        0x19c (size before relaxing)
 .debug_str     0x0000000000000f04       0x68 /mnt/e/projects/oss/FreeOSEK/tools/src/sg_messages.o
                                        0x1c3 (size before relaxing)
 .debug_str     0x0000000000000f6c       0xec /mnt/e/projects/oss/FreeOSEK/tools/src/sg_fifo.o
                                        0x3af (size before relaxing)
 .debug_str     0x0000000000001058       0x5f /mnt/e/projects/oss/FreeOSEK/tools/src/sg_alarms.o
                                        0x4ad (size before relaxing)
 .debug_str     0x00000000000010b7       0x32 /mnt/e/projects/oss/FreeOSEK/tools/src/sg_tasks.o
                                        0x32c (size before relaxing)
 .debug_str     0x00000000000010e9       0xa1 /mnt/e/projects/oss/FreeOSEK/test/test_app.o
                                        0x259 (size before relaxing)

.comment        0x0000000000000000       0x59
 .comment       0x0000000000000000       0x59 /mnt/e/projects/oss/FreeOSEK/kernel/os_entry.o
                                         0x5a (size before relaxing)
 .comment       0x0000000000000059       0x5a /mnt/e/projects/oss/FreeOSEK/kernel/os_log.o
 .comment       0x0000000000000059       0x5a /mnt/e/projects/oss/FreeOSEK/kernel/os_fifo.o
 .comment       0x0000000000000059       0x5a /mnt/e/projects/oss/FreeOSEK/kernel/os_task.o
 .comment       0x0000000000000059       0x5a /mnt/e/projects/oss/FreeOSEK/kernel/os_event.o
 .comment       0x0000000000000059       0x5a /mnt/e/projects/oss/FreeOSEK/kernel/os_alarm.o
 .comment       0x0000000000000059       0x5a /mnt/e/projects/oss/FreeOSEK/board/qemu-versatilepb/board.o
 .comment       0x0000000000000059       0x5a /mnt/e/projects/oss/FreeOSEK/board/qemu-versatilepb/vector_handlers.o
 .comment       0x0000000000000059       0x5a lib/libc-minimal/string/string.o
 .comment       0x0000000000000059       0x5a lib/libc-minimal/stdout/printf.o
 .comment       0x0000000000000059       0x5a /mnt/e/projects/oss/FreeOSEK/tools/src/sg_counter.o
 .comment       0x0000000000000059       0x5a /mnt/e/projects/oss/FreeOSEK/tools/src/sg_appmodes.o
 .comment       0x0000000000000059       0x5a /mnt/e/projects/oss/FreeOSEK/tools/src/sg_events.o
 .comment       0x0000000000000059       0x5a /mnt/e/projects/oss/FreeOSEK/tools/src/sg_resources.o
 .comment       0x0000000000000059       0x5a /mnt/e/projects/oss/FreeOSEK/tools/src/sg_messages.o
 .comment       0x0000000000000059       0x5a /mnt/e/projects/oss/FreeOSEK/tools/src/sg_fifo.o
 .comment       0x0000000000000059       0x5a /mnt/e/projects/oss/FreeOSEK/tools/src/sg_alarms.o
 .comment       0x0000000000000059       0x5a /mnt/e/projects/oss/FreeOSEK/tools/src/sg_tasks.o
 .comment       0x0000000000000059       0x5a /mnt/e/projects/oss/FreeOSEK/test/test_app.o

.ARM.attributes
                0x0000000000000000       0x2a
 .ARM.attributes
                0x0000000000000000       0x2c /mnt/e/projects/oss/FreeOSEK/kernel/os_entry.o
 .ARM.attributes
                0x000000000000002c       0x2c /mnt/e/projects/oss/FreeOSEK/kernel/os_log.o
 .ARM.attributes
                0x0000000000000058       0x2c /mnt/e/projects/oss/FreeOSEK/kernel/os_fifo.o
 .ARM.attributes
                0x0000000000000084       0x2c /mnt/e/projects/oss/FreeOSEK/kernel/os_task.o
 .ARM.attributes
                0x00000000000000b0       0x2c /mnt/e/projects/oss/FreeOSEK/kernel/os_event.o
 .ARM.attributes
                0x00000000000000dc       0x2c /mnt/e/projects/oss/FreeOSEK/kernel/os_alarm.o
 .ARM.attributes
                0x0000000000000108       0x2c /mnt/e/projects/oss/FreeOSEK/board/qemu-versatilepb/board.o
 .ARM.attributes
                0x0000000000000134       0x2c /mnt/e/projects/oss/FreeOSEK/board/qemu-versatilepb/vector_handlers.o
 .ARM.attributes
                0x0000000000000160       0x22 /mnt/e/projects/oss/FreeOSEK/board/qemu-versatilepb/vectors.o
 .ARM.attributes
                0x0000000000000182       0x22 /mnt/e/projects/oss/FreeOSEK/board/qemu-versatilepb/startup.o
 .ARM.attributes
                0x00000000000001a4       0x2c lib/libc-minimal/string/string.o
 .ARM.attributes
                0x00000000000001d0       0x2c lib/libc-minimal/stdout/printf.o
 .ARM.attributes
                0x00000000000001fc       0x32 /mnt/e/projects/oss/FreeOSEK/tools/src/sg_counter.o
 .ARM.attributes
                0x000000000000022e       0x32 /mnt/e/projects/oss/FreeOSEK/tools/src/sg_appmodes.o
 .ARM.attributes
                0x0000000000000260       0x32 /mnt/e/projects/oss/FreeOSEK/tools/src/sg_events.o
 .ARM.attributes
                0x0000000000000292       0x32 /mnt/e/projects/oss/FreeOSEK/tools/src/sg_resources.o
 .ARM.attributes
                0x00000000000002c4       0x32 /mnt/e/projects/oss/FreeOSEK/tools/src/sg_messages.o
 .ARM.attributes
                0x00000000000002f6       0x32 /mnt/e/projects/oss/FreeOSEK/tools/src/sg_fifo.o
 .ARM.attributes
                0x0000000000000328       0x32 /mnt/e/projects/oss/FreeOSEK/tools/src/sg_alarms.o
 .ARM.attributes
                0x000000000000035a       0x32 /mnt/e/projects/oss/FreeOSEK/tools/src/sg_tasks.o
 .ARM.attributes
                0x000000000000038c       0x2c /mnt/e/projects/oss/FreeOSEK/test/test_app.o
 .ARM.attributes
                0x00000000000003b8       0x1c /opt/tools/cortex-m/gcc-arm-none-eabi-10-2020-q4-major/lib/gcc/arm-none-eabi/10.2.1/libgcc.a(_arm_muldf3.o)
 .ARM.attributes
                0x00000000000003d4       0x1c /opt/tools/cortex-m/gcc-arm-none-eabi-10-2020-q4-major/lib/gcc/arm-none-eabi/10.2.1/libgcc.a(_udivsi3.o)
 .ARM.attributes
                0x00000000000003f0       0x1c /opt/tools/cortex-m/gcc-arm-none-eabi-10-2020-q4-major/lib/gcc/arm-none-eabi/10.2.1/libgcc.a(_dvmd_tls.o)
 .ARM.attributes
                0x000000000000040c       0x1c /opt/tools/cortex-m/gcc-arm-none-eabi-10-2020-q4-major/lib/gcc/arm-none-eabi/10.2.1/libgcc.a(_arm_addsubdf3.o)
 .ARM.attributes
                0x0000000000000428       0x1c /opt/tools/cortex-m/gcc-arm-none-eabi-10-2020-q4-major/lib/gcc/arm-none-eabi/10.2.1/libgcc.a(_arm_muldivdf3.o)
 .ARM.attributes
                0x0000000000000444       0x1c /opt/tools/cortex-m/gcc-arm-none-eabi-10-2020-q4-major/lib/gcc/arm-none-eabi/10.2.1/libgcc.a(_arm_cmpdf2.o)
 .ARM.attributes
                0x0000000000000460       0x1c /opt/tools/cortex-m/gcc-arm-none-eabi-10-2020-q4-major/lib/gcc/arm-none-eabi/10.2.1/libgcc.a(_arm_fixdfsi.o)
 .ARM.attributes
                0x000000000000047c       0x1c /opt/tools/cortex-m/gcc-arm-none-eabi-10-2020-q4-major/lib/gcc/arm-none-eabi/10.2.1/libgcc.a(_arm_fixunsdfsi.o)
 .ARM.attributes
                0x0000000000000498       0x1c /opt/tools/cortex-m/gcc-arm-none-eabi-10-2020-q4-major/lib/gcc/arm-none-eabi/10.2.1/libgcc.a(_aeabi_uldivmod.o)
 .ARM.attributes
                0x00000000000004b4       0x2a /opt/tools/cortex-m/gcc-arm-none-eabi-10-2020-q4-major/lib/gcc/arm-none-eabi/10.2.1/libgcc.a(_udivmoddi4.o)
 .ARM.attributes
                0x00000000000004de       0x1c /opt/tools/cortex-m/gcc-arm-none-eabi-10-2020-q4-major/lib/gcc/arm-none-eabi/10.2.1/libgcc.a(_clzdi2.o)
 .ARM.attributes
                0x00000000000004fa       0x1c /opt/tools/cortex-m/gcc-arm-none-eabi-10-2020-q4-major/lib/gcc/arm-none-eabi/10.2.1/libgcc.a(_clzsi2.o)

.debug_frame    0x0000000000000000      0xea0
 .debug_frame   0x0000000000000000       0x8c /mnt/e/projects/oss/FreeOSEK/kernel/os_entry.o
 .debug_frame   0x000000000000008c       0x68 /mnt/e/projects/oss/FreeOSEK/kernel/os_log.o
 .debug_frame   0x00000000000000f4       0x9c /mnt/e/projects/oss/FreeOSEK/kernel/os_fifo.o
 .debug_frame   0x0000000000000190       0xb4 /mnt/e/projects/oss/FreeOSEK/kernel/os_task.o
 .debug_frame   0x0000000000000244       0x9c /mnt/e/projects/oss/FreeOSEK/kernel/os_event.o
 .debug_frame   0x00000000000002e0      0x16c /mnt/e/projects/oss/FreeOSEK/kernel/os_alarm.o
 .debug_frame   0x000000000000044c       0xd4 /mnt/e/projects/oss/FreeOSEK/board/qemu-versatilepb/board.o
 .debug_frame   0x0000000000000520      0x124 /mnt/e/projects/oss/FreeOSEK/board/qemu-versatilepb/vector_handlers.o
 .debug_frame   0x0000000000000644      0x210 lib/libc-minimal/string/string.o
 .debug_frame   0x0000000000000854      0x300 lib/libc-minimal/stdout/printf.o
 .debug_frame   0x0000000000000b54       0x88 /mnt/e/projects/oss/FreeOSEK/test/test_app.o
 .debug_frame   0x0000000000000bdc       0x30 /opt/tools/cortex-m/gcc-arm-none-eabi-10-2020-q4-major/lib/gcc/arm-none-eabi/10.2.1/libgcc.a(_arm_muldf3.o)
 .debug_frame   0x0000000000000c0c       0x20 /opt/tools/cortex-m/gcc-arm-none-eabi-10-2020-q4-major/lib/gcc/arm-none-eabi/10.2.1/libgcc.a(_udivsi3.o)
 .debug_frame   0x0000000000000c2c       0xac /opt/tools/cortex-m/gcc-arm-none-eabi-10-2020-q4-major/lib/gcc/arm-none-eabi/10.2.1/libgcc.a(_arm_addsubdf3.o)
 .debug_frame   0x0000000000000cd8       0x50 /opt/tools/cortex-m/gcc-arm-none-eabi-10-2020-q4-major/lib/gcc/arm-none-eabi/10.2.1/libgcc.a(_arm_muldivdf3.o)
 .debug_frame   0x0000000000000d28       0xc4 /opt/tools/cortex-m/gcc-arm-none-eabi-10-2020-q4-major/lib/gcc/arm-none-eabi/10.2.1/libgcc.a(_arm_cmpdf2.o)
 .debug_frame   0x0000000000000dec       0x24 /opt/tools/cortex-m/gcc-arm-none-eabi-10-2020-q4-major/lib/gcc/arm-none-eabi/10.2.1/libgcc.a(_arm_fixdfsi.o)
 .debug_frame   0x0000000000000e10       0x24 /opt/tools/cortex-m/gcc-arm-none-eabi-10-2020-q4-major/lib/gcc/arm-none-eabi/10.2.1/libgcc.a(_arm_fixunsdfsi.o)
 .debug_frame   0x0000000000000e34       0x2c /opt/tools/cortex-m/gcc-arm-none-eabi-10-2020-q4-major/lib/gcc/arm-none-eabi/10.2.1/libgcc.a(_aeabi_uldivmod.o)
 .debug_frame   0x0000000000000e60       0x40 /opt/tools/cortex-m/gcc-arm-none-eabi-10-2020-q4-major/lib/gcc/arm-none-eabi/10.2.1/libgcc.a(_udivmoddi4.o)
